************EXP ADDRESS LIST************
                                        
************* EXP SIZE LIST*************
                                        
